xcrun clang++ -Iinclude -std=c++17 -O2 -Wall -Wextra -Wpedantic -fvisibility=hidden -arch arm64 -Isrc/core -c "src/metal/MetalRenderBackend.mm" -o "build/obj/metal/MetalRenderBackend.o"
src/metal/MetalRenderBackend.mm:280:39: warning: string literal of length 87700 exceeds maximum length 65536 that C++ compilers are required to support [-Woverlength-strings]
  280 | constexpr const char* kKernelSource = R"metal(
      |                                       ^~~~~~~~
src/metal/MetalRenderBackend.mm:2916:85: warning: missing field 'working_mode' initializer [-Wmissing-field-initializers]
 2916 |                                                {}, {}, {}, {}, {0.50F, 0.35F, 0.15F}};
      |                                                                                     ^
src/metal/MetalRenderBackend.mm:2171:16: warning: unused function 'privateTexture' [-Wunused-function]
 2171 | id<MTLTexture> privateTexture(id<MTLDevice> device, int width, int height, NSUInteger array_length = 1U)
      |                ^~~~~~~~~~~~~~
3 warnings generated.
xcrun clang++ build/obj/CBEFFilmEffects.o build/obj/core/RenderCore.o build/obj/metal/MetalRenderBackend.o build/obj/openfx/ofxsCore.o build/obj/openfx/ofxsImageEffect.o build/obj/openfx/ofxsInteract.o build/obj/openfx/ofxsLog.o build/obj/openfx/ofxsMultiThread.o build/obj/openfx/ofxsParams.o build/obj/openfx/ofxsProperty.o build/obj/openfx/ofxsPropertyValidation.o -o "build/CBEFFilmEffects.ofx.bundle/Contents/MacOS/CBEFFilmEffects.ofx" -bundle -arch arm64 -Wl,-dead_strip -framework Foundation -framework Metal
cp vendor/openfx/THIRD_PARTY_NOTICES.md "build/CBEFFilmEffects.ofx.bundle/Contents/Resources/THIRD_PARTY_NOTICES.md"
/usr/libexec/PlistBuddy -c 'Clear dict' "build/CBEFFilmEffects.ofx.bundle/Contents/Info.plist" 2>/dev/null || true
Initializing Plist...
xcrun clang++ -Iinclude -std=c++17 -O2 -Wall -Wextra -Wpedantic -fvisibility=hidden -arch arm64 -DCBEF_ENABLE_METAL_TEST -Isrc/core "tests/halation_render_contract.mm" "build/obj/core/RenderCore.o" "build/obj/metal/MetalRenderBackend.o" \
		-o "build/tests/halation_render_contract" -framework Foundation -framework Metal
"build/tests/halation_render_contract"
halation_render_contract: PASS (CPU + Metal M2 Halation)
xcrun clang++ -Iinclude -std=c++17 -O2 -Wall -Wextra -Wpedantic -fvisibility=hidden -arch arm64 -DCBEF_ENABLE_METAL_TEST -Isrc/core "tests/mist_render_contract.mm" "build/obj/core/RenderCore.o" "build/obj/metal/MetalRenderBackend.o" \
		-o "build/tests/mist_render_contract" -framework Foundation -framework Metal
"build/tests/mist_render_contract"
mist_render_contract: PASS
