xcrun clang++ -Iinclude -std=c++17 -O2 -Wall -Wextra -Wpedantic -fvisibility=hidden -arch arm64 -Isrc/core -c "src/metal/MetalRenderBackend.mm" -o "build/obj/metal/MetalRenderBackend.o"
xcrun clang++ -Iinclude -std=c++17 -O2 -Wall -Wextra -Wpedantic -fvisibility=hidden -arch arm64 -Isrc/core -c "src/core/RenderCore.cpp" -o "build/obj/core/RenderCore.o"
xcrun clang++ -Iinclude -std=c++17 -O2 -Wall -Wextra -Wpedantic -fvisibility=hidden -arch arm64 -Isrc/core -c "src/metal/FrameArena.mm" -o "build/obj/metal/FrameArena.o"
xcrun -sdk macosx metal -fmodules-cache-path=/Users/younseongmin/Documents/CBEF/CBEFFilter/build/metal-module-cache -c "src/metal/kernels/CBEFFilmEffects.metal" -o "build/obj/metal/CBEFFilmEffects.air"
xcrun clang++ -std=c++17 -O2 -Wall -Wextra -Wpedantic -fvisibility=hidden -arch arm64 "tests/host_action_lifecycle_contract.cpp" -o "build/tests/host_action_lifecycle_contract"
xcrun clang++ -Iinclude -Ibuild/openfx-sdk/OpenFX-1.4/include -Ibuild/openfx-sdk/Support/include -std=c++17 -O2 -Wall -Wextra -Wpedantic -fvisibility=hidden -arch arm64 -c "src/ofx/CBEFFilmEffects.cpp" -o "build/obj/CBEFFilmEffects.o"
xcrun clang++ -Iinclude -Ibuild/openfx-sdk/OpenFX-1.4/include -Ibuild/openfx-sdk/Support/include -std=c++17 -O2 -Wall -Wextra -Wpedantic -fvisibility=hidden -arch arm64 -w -c "build/openfx-sdk/Support/Library/ofxsCore.cpp" -o "build/obj/openfx/ofxsCore.o"
xcrun -sdk macosx metallib "build/obj/metal/CBEFFilmEffects.air" -o "build/CBEFFilmEffects.ofx.bundle/Contents/Resources/CBEFFilmEffects.metallib"
xcrun clang++ -Iinclude -Ibuild/openfx-sdk/OpenFX-1.4/include -Ibuild/openfx-sdk/Support/include -std=c++17 -O2 -Wall -Wextra -Wpedantic -fvisibility=hidden -arch arm64 -w -c "build/openfx-sdk/Support/Library/ofxsImageEffect.cpp" -o "build/obj/openfx/ofxsImageEffect.o"
xcrun clang++ -Iinclude -Ibuild/openfx-sdk/OpenFX-1.4/include -Ibuild/openfx-sdk/Support/include -std=c++17 -O2 -Wall -Wextra -Wpedantic -fvisibility=hidden -arch arm64 -w -c "build/openfx-sdk/Support/Library/ofxsInteract.cpp" -o "build/obj/openfx/ofxsInteract.o"
xcrun clang++ -Iinclude -Ibuild/openfx-sdk/OpenFX-1.4/include -Ibuild/openfx-sdk/Support/include -std=c++17 -O2 -Wall -Wextra -Wpedantic -fvisibility=hidden -arch arm64 -w -c "build/openfx-sdk/Support/Library/ofxsLog.cpp" -o "build/obj/openfx/ofxsLog.o"
xcrun clang++ -Iinclude -Ibuild/openfx-sdk/OpenFX-1.4/include -Ibuild/openfx-sdk/Support/include -std=c++17 -O2 -Wall -Wextra -Wpedantic -fvisibility=hidden -arch arm64 -w -c "build/openfx-sdk/Support/Library/ofxsMultiThread.cpp" -o "build/obj/openfx/ofxsMultiThread.o"
xcrun clang++ -Iinclude -Ibuild/openfx-sdk/OpenFX-1.4/include -Ibuild/openfx-sdk/Support/include -std=c++17 -O2 -Wall -Wextra -Wpedantic -fvisibility=hidden -arch arm64 -w -c "build/openfx-sdk/Support/Library/ofxsParams.cpp" -o "build/obj/openfx/ofxsParams.o"
xcrun clang++ -Iinclude -Ibuild/openfx-sdk/OpenFX-1.4/include -Ibuild/openfx-sdk/Support/include -std=c++17 -O2 -Wall -Wextra -Wpedantic -fvisibility=hidden -arch arm64 -w -c "build/openfx-sdk/Support/Library/ofxsProperty.cpp" -o "build/obj/openfx/ofxsProperty.o"
xcrun clang++ -Iinclude -Ibuild/openfx-sdk/OpenFX-1.4/include -Ibuild/openfx-sdk/Support/include -std=c++17 -O2 -Wall -Wextra -Wpedantic -fvisibility=hidden -arch arm64 -w -c "build/openfx-sdk/Support/Library/ofxsPropertyValidation.cpp" -o "build/obj/openfx/ofxsPropertyValidation.o"
cp "build/CBEFFilmEffects.ofx.bundle/Contents/Resources/CBEFFilmEffects.metallib" "build/tests/CBEFFilmEffects.metallib"
xcrun clang++ -Iinclude -Ibuild/openfx-sdk/OpenFX-1.4/include -Ibuild/openfx-sdk/Support/include -std=c++17 -O2 -Wall -Wextra -Wpedantic -fvisibility=hidden -arch arm64 -w -DkOfxsDisableValidation \
		tests/filter_context_host_probe.cpp src/ofx/CBEFFilmEffects.cpp build/openfx-sdk/Support/Library/ofxsCore.cpp build/openfx-sdk/Support/Library/ofxsImageEffect.cpp build/openfx-sdk/Support/Library/ofxsInteract.cpp build/openfx-sdk/Support/Library/ofxsLog.cpp build/openfx-sdk/Support/Library/ofxsMultiThread.cpp build/openfx-sdk/Support/Library/ofxsParams.cpp build/openfx-sdk/Support/Library/ofxsProperty.cpp build/openfx-sdk/Support/Library/ofxsPropertyValidation.cpp \
		"build/obj/core/RenderCore.o" "build/obj/metal/MetalRenderBackend.o" "build/obj/metal/FrameArena.o" -o "build/tests/filter_context_host_probe" -framework Foundation -framework Metal
xcrun clang++ -Iinclude -std=c++17 -O2 -Wall -Wextra -Wpedantic -fvisibility=hidden -arch arm64 -DCBEF_ENABLE_METAL_TEST -Isrc/core "tests/film_grain_render_contract.mm" "build/obj/core/RenderCore.o" "build/obj/metal/MetalRenderBackend.o" "build/obj/metal/FrameArena.o" \
        -o "build/tests/film_grain_render_contract" -framework Foundation -framework Metal
xcrun clang++ -Iinclude -std=c++17 -O2 -Wall -Wextra -Wpedantic -fvisibility=hidden -arch arm64 -DCBEF_ENABLE_METAL_TEST -Isrc/core "tests/optical_blur_render_contract.mm" "build/obj/core/RenderCore.o" "build/obj/metal/MetalRenderBackend.o" "build/obj/metal/FrameArena.o" \
		-o "build/tests/optical_blur_render_contract" -framework Foundation -framework Metal
xcrun clang++ -Iinclude -std=c++17 -O2 -Wall -Wextra -Wpedantic -fvisibility=hidden -arch arm64 -DCBEF_ENABLE_METAL_TEST -Isrc/core "tests/frame_arena_contract.mm" "build/obj/core/RenderCore.o" "build/obj/metal/MetalRenderBackend.o" "build/obj/metal/FrameArena.o" \
		-o "build/tests/frame_arena_contract" -framework Foundation -framework Metal
xcrun clang++ -Iinclude -std=c++17 -O2 -Wall -Wextra -Wpedantic -fvisibility=hidden -arch arm64 -Isrc/core "tests/typed_compile_contract.cpp" "build/obj/core/RenderCore.o" -o "build/tests/typed_compile_contract"
xcrun clang++ -Iinclude -std=c++17 -O2 -Wall -Wextra -Wpedantic -fvisibility=hidden -arch arm64 -Isrc/core "tests/inspector_metadata_contract.cpp" "build/obj/core/RenderCore.o" -o "build/tests/inspector_metadata_contract"
xcrun clang++ -Iinclude -std=c++17 -O2 -Wall -Wextra -Wpedantic -fvisibility=hidden -arch arm64 -Isrc/core "tests/halation_v2_cpu_contract.cpp" "build/obj/core/RenderCore.o" -o "build/tests/halation_v2_cpu_contract"
xcrun clang++ -Iinclude -std=c++17 -O2 -Wall -Wextra -Wpedantic -fvisibility=hidden -arch arm64 -DCBEF_ENABLE_METAL_TEST -Isrc/core "tests/halation_v2_metal_ticket08.mm" "build/obj/core/RenderCore.o" "build/obj/metal/MetalRenderBackend.o" "build/obj/metal/FrameArena.o" \
		-o "build/tests/halation_v2_metal_ticket08" -framework Foundation -framework Metal
xcrun clang++ -Iinclude -std=c++17 -O2 -Wall -Wextra -Wpedantic -fvisibility=hidden -arch arm64 -Isrc/core "tests/mist_v2_cpu_contract.cpp" "build/obj/core/RenderCore.o" -o "build/tests/mist_v2_cpu_contract"
xcrun clang++ -Iinclude -std=c++17 -O2 -Wall -Wextra -Wpedantic -fvisibility=hidden -arch arm64 -DCBEF_ENABLE_METAL_TEST -Isrc/core "tests/mist_v2_metal_ticket11.mm" "build/obj/core/RenderCore.o" "build/obj/metal/MetalRenderBackend.o" "build/obj/metal/FrameArena.o" \
		-o "build/tests/mist_v2_metal_ticket11" -framework Foundation -framework Metal
xcrun clang++ -Iinclude -std=c++17 -O2 -Wall -Wextra -Wpedantic -fvisibility=hidden -arch arm64 -Isrc/core "tests/grain_v2_stock_cpu_contract.cpp" "build/obj/core/RenderCore.o" -o "build/tests/grain_v2_stock_cpu_contract"
xcrun clang++ -Iinclude -std=c++17 -O2 -Wall -Wextra -Wpedantic -fvisibility=hidden -arch arm64 -DCBEF_ENABLE_METAL_TEST -Isrc/core "tests/grain_v2_metal_ticket14.mm" "build/obj/core/RenderCore.o" "build/obj/metal/MetalRenderBackend.o" "build/obj/metal/FrameArena.o" \
		-o "build/tests/grain_v2_metal_ticket14" -framework Foundation -framework Metal
xcrun clang++ -Iinclude -std=c++17 -O2 -Wall -Wextra -Wpedantic -fvisibility=hidden -arch arm64 -Isrc/core "tests/optical_field_psf_cpu_contract.cpp" "build/obj/core/RenderCore.o" -o "build/tests/optical_field_psf_cpu_contract"
xcrun clang++ -Iinclude -std=c++17 -O2 -Wall -Wextra -Wpedantic -fvisibility=hidden -arch arm64 -Isrc/core "tests/optical_aberration_cpu_contract.cpp" "build/obj/core/RenderCore.o" -o "build/tests/optical_aberration_cpu_contract"
xcrun clang++ -Iinclude -std=c++17 -O2 -Wall -Wextra -Wpedantic -fvisibility=hidden -arch arm64 -Isrc/core "tests/lens_source_map_cpu_contract.cpp" "build/obj/core/RenderCore.o" -o "build/tests/lens_source_map_cpu_contract"
xcrun clang++ -Iinclude -std=c++17 -O2 -Wall -Wextra -Wpedantic -fvisibility=hidden -arch arm64 -Isrc/core "tests/lens_external_matte_cpu_contract.cpp" "build/obj/core/RenderCore.o" -o "build/tests/lens_external_matte_cpu_contract"
xcrun clang++ -Iinclude -std=c++17 -O2 -Wall -Wextra -Wpedantic -fvisibility=hidden -arch arm64 -Isrc/core "tests/lens_signed_elements_cpu_contract.cpp" "build/obj/core/RenderCore.o" -o "build/tests/lens_signed_elements_cpu_contract"
xcrun clang++ -Iinclude -std=c++17 -O2 -Wall -Wextra -Wpedantic -fvisibility=hidden -arch arm64 -DCBEF_ENABLE_METAL_TEST -Isrc/core "tests/lens_v2_metal_ticket21.mm" "build/obj/core/RenderCore.o" "build/obj/metal/MetalRenderBackend.o" "build/obj/metal/FrameArena.o" \
		-o "build/tests/lens_v2_metal_ticket21" -framework Foundation -framework Metal
xcrun clang++ -Iinclude -std=c++17 -O2 -Wall -Wextra -Wpedantic -fvisibility=hidden -arch arm64 -DCBEF_ENABLE_METAL_TEST -Isrc/core "tests/v2_integration_contract.mm" "build/obj/core/RenderCore.o" "build/obj/metal/MetalRenderBackend.o" "build/obj/metal/FrameArena.o" \
		-o "build/tests/v2_integration_contract" -framework Foundation -framework Metal
xcrun clang++ -Iinclude -std=c++17 -O2 -Wall -Wextra -Wpedantic -fvisibility=hidden -arch arm64 -DCBEF_ENABLE_METAL_TEST -Isrc/core "tests/m7_performance_benchmark.mm" "build/obj/core/RenderCore.o" "build/obj/metal/MetalRenderBackend.o" "build/obj/metal/FrameArena.o" \
		-o "build/tests/m7_performance_benchmark" -framework Foundation -framework Metal
xcrun clang++ build/obj/CBEFFilmEffects.o build/obj/core/RenderCore.o build/obj/metal/MetalRenderBackend.o build/obj/metal/FrameArena.o build/obj/openfx/ofxsCore.o build/obj/openfx/ofxsImageEffect.o build/obj/openfx/ofxsInteract.o build/obj/openfx/ofxsLog.o build/obj/openfx/ofxsMultiThread.o build/obj/openfx/ofxsParams.o build/obj/openfx/ofxsProperty.o build/obj/openfx/ofxsPropertyValidation.o -o "build/CBEFFilmEffects.ofx.bundle/Contents/MacOS/CBEFFilmEffects.ofx" -bundle -arch arm64 -Wl,-dead_strip -framework Foundation -framework Metal
xcrun clang++ -Iinclude -std=c++17 -O2 -Wall -Wextra -Wpedantic -fvisibility=hidden -arch arm64 -DCBEF_ENABLE_METAL_TEST -Isrc/core "tests/headless_render_contract.mm" "build/obj/core/RenderCore.o" "build/obj/metal/MetalRenderBackend.o" "build/obj/metal/FrameArena.o" \
		-o "build/tests/headless_render_contract" -framework Foundation -framework Metal
cp vendor/openfx/THIRD_PARTY_NOTICES.md "build/CBEFFilmEffects.ofx.bundle/Contents/Resources/THIRD_PARTY_NOTICES.md"
/usr/libexec/PlistBuddy -c 'Clear dict' "build/CBEFFilmEffects.ofx.bundle/Contents/Info.plist" 2>/dev/null || true
File Doesn't Exist, Will Create: build/CBEFFilmEffects.ofx.bundle/Contents/Info.plist
Initializing Plist...
/usr/bin/codesign --force --sign - "build/CBEFFilmEffects.ofx.bundle"
build/CBEFFilmEffects.ofx.bundle: replacing existing signature
xcrun clang++ -Iinclude -Ibuild/openfx-sdk/OpenFX-1.4/include -Ibuild/openfx-sdk/Support/include -std=c++17 -O2 -Wall -Wextra -Wpedantic -fvisibility=hidden -arch arm64 "tests/plugin_abi_probe.cpp" -o "build/tests/plugin_abi_probe"
