M4 Mist CPU verification r3
COMMAND: make -B build
xcrun clang++ -Iinclude -Ibuild/openfx-sdk/OpenFX-1.4/include -Ibuild/openfx-sdk/Support/include -std=c++17 -O2 -Wall -Wextra -Wpedantic -fvisibility=hidden -arch arm64 -c "src/ofx/CBEFFilmEffects.cpp" -o "build/obj/CBEFFilmEffects.o"
xcrun clang++ -Iinclude -std=c++17 -O2 -Wall -Wextra -Wpedantic -fvisibility=hidden -arch arm64 -Isrc/core -c "src/core/RenderCore.cpp" -o "build/obj/core/RenderCore.o"
xcrun clang++ -Iinclude -std=c++17 -O2 -Wall -Wextra -Wpedantic -fvisibility=hidden -arch arm64 -Isrc/core -c "src/metal/MetalRenderBackend.mm" -o "build/obj/metal/MetalRenderBackend.o"
src/metal/MetalRenderBackend.mm:1035:21: warning: unused variable 'energy_factor' [-Wunused-variable]
 1035 |         const float energy_factor = std::array<float, 4>{0.25F, 0.50F, 0.75F, 1.00F}[
      |                     ^~~~~~~~~~~~~
1 warning generated.
xcrun clang++ -Iinclude -Ibuild/openfx-sdk/OpenFX-1.4/include -Ibuild/openfx-sdk/Support/include -std=c++17 -O2 -Wall -Wextra -Wpedantic -fvisibility=hidden -arch arm64 -w -c "build/openfx-sdk/Support/Library/ofxsCore.cpp" -o "build/obj/openfx/ofxsCore.o"
xcrun clang++ -Iinclude -Ibuild/openfx-sdk/OpenFX-1.4/include -Ibuild/openfx-sdk/Support/include -std=c++17 -O2 -Wall -Wextra -Wpedantic -fvisibility=hidden -arch arm64 -w -c "build/openfx-sdk/Support/Library/ofxsImageEffect.cpp" -o "build/obj/openfx/ofxsImageEffect.o"
xcrun clang++ -Iinclude -Ibuild/openfx-sdk/OpenFX-1.4/include -Ibuild/openfx-sdk/Support/include -std=c++17 -O2 -Wall -Wextra -Wpedantic -fvisibility=hidden -arch arm64 -w -c "build/openfx-sdk/Support/Library/ofxsInteract.cpp" -o "build/obj/openfx/ofxsInteract.o"
xcrun clang++ -Iinclude -Ibuild/openfx-sdk/OpenFX-1.4/include -Ibuild/openfx-sdk/Support/include -std=c++17 -O2 -Wall -Wextra -Wpedantic -fvisibility=hidden -arch arm64 -w -c "build/openfx-sdk/Support/Library/ofxsLog.cpp" -o "build/obj/openfx/ofxsLog.o"
xcrun clang++ -Iinclude -Ibuild/openfx-sdk/OpenFX-1.4/include -Ibuild/openfx-sdk/Support/include -std=c++17 -O2 -Wall -Wextra -Wpedantic -fvisibility=hidden -arch arm64 -w -c "build/openfx-sdk/Support/Library/ofxsMultiThread.cpp" -o "build/obj/openfx/ofxsMultiThread.o"
xcrun clang++ -Iinclude -Ibuild/openfx-sdk/OpenFX-1.4/include -Ibuild/openfx-sdk/Support/include -std=c++17 -O2 -Wall -Wextra -Wpedantic -fvisibility=hidden -arch arm64 -w -c "build/openfx-sdk/Support/Library/ofxsParams.cpp" -o "build/obj/openfx/ofxsParams.o"
xcrun clang++ -Iinclude -Ibuild/openfx-sdk/OpenFX-1.4/include -Ibuild/openfx-sdk/Support/include -std=c++17 -O2 -Wall -Wextra -Wpedantic -fvisibility=hidden -arch arm64 -w -c "build/openfx-sdk/Support/Library/ofxsProperty.cpp" -o "build/obj/openfx/ofxsProperty.o"
xcrun clang++ -Iinclude -Ibuild/openfx-sdk/OpenFX-1.4/include -Ibuild/openfx-sdk/Support/include -std=c++17 -O2 -Wall -Wextra -Wpedantic -fvisibility=hidden -arch arm64 -w -c "build/openfx-sdk/Support/Library/ofxsPropertyValidation.cpp" -o "build/obj/openfx/ofxsPropertyValidation.o"
xcrun clang++ build/obj/CBEFFilmEffects.o build/obj/core/RenderCore.o build/obj/metal/MetalRenderBackend.o build/obj/openfx/ofxsCore.o build/obj/openfx/ofxsImageEffect.o build/obj/openfx/ofxsInteract.o build/obj/openfx/ofxsLog.o build/obj/openfx/ofxsMultiThread.o build/obj/openfx/ofxsParams.o build/obj/openfx/ofxsProperty.o build/obj/openfx/ofxsPropertyValidation.o -o "build/CBEFFilmEffects.ofx.bundle/Contents/MacOS/CBEFFilmEffects.ofx" -bundle -arch arm64 -Wl,-dead_strip -framework Foundation -framework Metal
cp vendor/openfx/THIRD_PARTY_NOTICES.md "build/CBEFFilmEffects.ofx.bundle/Contents/Resources/THIRD_PARTY_NOTICES.md"
/usr/libexec/PlistBuddy -c 'Clear dict' "build/CBEFFilmEffects.ofx.bundle/Contents/Info.plist" 2>/dev/null || true
Initializing Plist...
EXIT make -B build: 0
COMMAND: make -B test-m4-cpu
xcrun clang++ -Iinclude -std=c++17 -O2 -Wall -Wextra -Wpedantic -fvisibility=hidden -arch arm64 -Isrc/core -c "src/core/RenderCore.cpp" -o "build/obj/core/RenderCore.o"
xcrun clang++ -Iinclude -std=c++17 -O2 -Wall -Wextra -Wpedantic -fvisibility=hidden -arch arm64 -Isrc/core "tests/mist_render_contract.mm" "build/obj/core/RenderCore.o" -o "build/tests/mist_render_contract"
"build/tests/mist_render_contract"
mist_render_contract: PASS
EXIT make -B test-m4-cpu: 0
JUDGMENT: CPU TEST PASS; BUILD WARNING PRESENT
OBSERVABLE: mist_render_contract: PASS
DIAGNOSTICS: `src/metal/MetalRenderBackend.mm:1035` reports `unused variable 'energy_factor'`; this is outside the owned CPU files and was not edited.
