xcrun clang++ -Iinclude -std=c++17 -O2 -Wall -Wextra -Wpedantic -fvisibility=hidden -arch arm64 -Isrc/core -c "src/metal/MetalRenderBackend.mm" -o "build/obj/metal/MetalRenderBackend.o"
src/metal/MetalRenderBackend.mm:280:39: warning: string literal of length 87700 exceeds maximum length 65536 that C++ compilers are required to support [-Woverlength-strings]
  280 | constexpr const char* kKernelSource = R"metal(
      |                                       ^~~~~~~~
src/metal/MetalRenderBackend.mm:2919:85: warning: missing field 'working_mode' initializer [-Wmissing-field-initializers]
 2919 |                                                {}, {}, {}, {}, {0.50F, 0.35F, 0.15F}};
      |                                                                                     ^
2 warnings generated.
xcrun clang++ -Iinclude -std=c++17 -O2 -Wall -Wextra -Wpedantic -fvisibility=hidden -arch arm64 -DCBEF_ENABLE_METAL_TEST -Isrc/core "tests/m7_performance_benchmark.mm" "build/obj/core/RenderCore.o" "build/obj/metal/MetalRenderBackend.o" \
		-o "build/tests/m7_performance_benchmark" -framework Foundation -framework Metal
xcrun clang++ build/obj/CBEFFilmEffects.o build/obj/core/RenderCore.o build/obj/metal/MetalRenderBackend.o build/obj/openfx/ofxsCore.o build/obj/openfx/ofxsImageEffect.o build/obj/openfx/ofxsInteract.o build/obj/openfx/ofxsLog.o build/obj/openfx/ofxsMultiThread.o build/obj/openfx/ofxsParams.o build/obj/openfx/ofxsProperty.o build/obj/openfx/ofxsPropertyValidation.o -o "build/CBEFFilmEffects.ofx.bundle/Contents/MacOS/CBEFFilmEffects.ofx" -bundle -arch arm64 -Wl,-dead_strip -framework Foundation -framework Metal
cp vendor/openfx/THIRD_PARTY_NOTICES.md "build/CBEFFilmEffects.ofx.bundle/Contents/Resources/THIRD_PARTY_NOTICES.md"
/usr/libexec/PlistBuddy -c 'Clear dict' "build/CBEFFilmEffects.ofx.bundle/Contents/Info.plist" 2>/dev/null || true
Initializing Plist...
CBEF_M7_OUTPUT_DIR=".omo/evidence/m7-performance-20260812-native-fused-linear" CBEF_M7_BUNDLE="build/CBEFFilmEffects.ofx.bundle/Contents/MacOS/CBEFFilmEffects.ofx" "build/tests/m7_performance_benchmark"
m7: begin Halation 1920x1080
m7: begin Film Grain 1920x1080
m7: begin Optical Blur 1920x1080
m7: begin Lens Reflections 1920x1080
m7: begin Mist Diffusion 1920x1080
m7: begin Halation 3840x2160
m7: begin Film Grain 3840x2160
m7: begin Optical Blur 3840x2160
m7: begin Lens Reflections 3840x2160
m7: begin Mist Diffusion 3840x2160
m7_performance_benchmark: FAIL
JSON: .omo/evidence/m7-performance-20260812-native-fused-linear/m7-performance.json
Markdown: .omo/evidence/m7-performance-20260812-native-fused-linear/m7-performance.md
make: *** [benchmark-m7] Error 1
