xcrun clang++ -Iinclude -std=c++17 -O2 -Wall -Wextra -Wpedantic -fvisibility=hidden -arch arm64 -Isrc/core -c "src/core/RenderCore.cpp" -o "build/obj/core/RenderCore.o"
xcrun clang++ -Iinclude -std=c++17 -O2 -Wall -Wextra -Wpedantic -fvisibility=hidden -arch arm64 -Isrc/core -c "src/metal/MetalRenderBackend.mm" -o "build/obj/metal/MetalRenderBackend.o"
xcrun clang++ -Iinclude -std=c++17 -O2 -Wall -Wextra -Wpedantic -fvisibility=hidden -arch arm64 -Isrc/core -c "src/metal/FrameArena.mm" -o "build/obj/metal/FrameArena.o"
xcrun -sdk macosx metal -c "src/metal/kernels/CBEFFilmEffects.metal" -o "build/obj/metal/CBEFFilmEffects.air"
xcrun -sdk macosx metallib "build/obj/metal/CBEFFilmEffects.air" -o "build/CBEFFilmEffects.ofx.bundle/Contents/Resources/CBEFFilmEffects.metallib"
cp "build/CBEFFilmEffects.ofx.bundle/Contents/Resources/CBEFFilmEffects.metallib" "build/tests/CBEFFilmEffects.metallib"
xcrun clang++ -Iinclude -std=c++17 -O2 -Wall -Wextra -Wpedantic -fvisibility=hidden -arch arm64 -DCBEF_ENABLE_METAL_TEST -Isrc/core "tests/mist_v2_metal_ticket11.mm" "build/obj/core/RenderCore.o" "build/obj/metal/MetalRenderBackend.o" "build/obj/metal/FrameArena.o" \
		-o "build/tests/mist_v2_metal_ticket11" -framework Foundation -framework Metal
"build/tests/mist_v2_metal_ticket11"
mist_v2_metal_ticket11: PASS
xcrun clang++ -Iinclude -std=c++17 -O2 -Wall -Wextra -Wpedantic -fvisibility=hidden -arch arm64 -DCBEF_ENABLE_METAL_TEST -Isrc/core "tests/mist_render_contract.mm" "build/obj/core/RenderCore.o" "build/obj/metal/MetalRenderBackend.o" "build/obj/metal/FrameArena.o" \
		-o "build/tests/mist_render_contract" -framework Foundation -framework Metal
"build/tests/mist_render_contract"
mist_render_contract: PASS
xcrun clang++ -Iinclude -std=c++17 -O2 -Wall -Wextra -Wpedantic -fvisibility=hidden -arch arm64 -Isrc/core "tests/mist_v2_cpu_contract.cpp" "build/obj/core/RenderCore.o" -o "build/tests/mist_v2_cpu_contract"
"build/tests/mist_v2_cpu_contract"
mist_v2_cpu_contract: PASS (CPU reference only; Metal parity is ticket 11)
xcrun clang++ -Iinclude -std=c++17 -O2 -Wall -Wextra -Wpedantic -fvisibility=hidden -arch arm64 -Isrc/core "tests/typed_compile_contract.cpp" "build/obj/core/RenderCore.o" -o "build/tests/typed_compile_contract"
"build/tests/typed_compile_contract"
xcrun clang++ -Iinclude -std=c++17 -O2 -Wall -Wextra -Wpedantic -fvisibility=hidden -arch arm64 -Isrc/core "tests/inspector_metadata_contract.cpp" "build/obj/core/RenderCore.o" -o "build/tests/inspector_metadata_contract"
xcrun clang++ -Iinclude -Ibuild/openfx-sdk/OpenFX-1.4/include -Ibuild/openfx-sdk/Support/include -std=c++17 -O2 -Wall -Wextra -Wpedantic -fvisibility=hidden -arch arm64 -c "src/ofx/CBEFFilmEffects.cpp" -o "build/obj/CBEFFilmEffects.o"
xcrun clang++ -Iinclude -Ibuild/openfx-sdk/OpenFX-1.4/include -Ibuild/openfx-sdk/Support/include -std=c++17 -O2 -Wall -Wextra -Wpedantic -fvisibility=hidden -arch arm64 -w -c "build/openfx-sdk/Support/Library/ofxsCore.cpp" -o "build/obj/openfx/ofxsCore.o"
xcrun clang++ -Iinclude -Ibuild/openfx-sdk/OpenFX-1.4/include -Ibuild/openfx-sdk/Support/include -std=c++17 -O2 -Wall -Wextra -Wpedantic -fvisibility=hidden -arch arm64 -w -c "build/openfx-sdk/Support/Library/ofxsImageEffect.cpp" -o "build/obj/openfx/ofxsImageEffect.o"
xcrun clang++ -Iinclude -Ibuild/openfx-sdk/OpenFX-1.4/include -Ibuild/openfx-sdk/Support/include -std=c++17 -O2 -Wall -Wextra -Wpedantic -fvisibility=hidden -arch arm64 -w -c "build/openfx-sdk/Support/Library/ofxsInteract.cpp" -o "build/obj/openfx/ofxsInteract.o"
xcrun clang++ -Iinclude -Ibuild/openfx-sdk/OpenFX-1.4/include -Ibuild/openfx-sdk/Support/include -std=c++17 -O2 -Wall -Wextra -Wpedantic -fvisibility=hidden -arch arm64 -w -c "build/openfx-sdk/Support/Library/ofxsLog.cpp" -o "build/obj/openfx/ofxsLog.o"
xcrun clang++ -Iinclude -Ibuild/openfx-sdk/OpenFX-1.4/include -Ibuild/openfx-sdk/Support/include -std=c++17 -O2 -Wall -Wextra -Wpedantic -fvisibility=hidden -arch arm64 -w -c "build/openfx-sdk/Support/Library/ofxsMultiThread.cpp" -o "build/obj/openfx/ofxsMultiThread.o"
xcrun clang++ -Iinclude -Ibuild/openfx-sdk/OpenFX-1.4/include -Ibuild/openfx-sdk/Support/include -std=c++17 -O2 -Wall -Wextra -Wpedantic -fvisibility=hidden -arch arm64 -w -c "build/openfx-sdk/Support/Library/ofxsParams.cpp" -o "build/obj/openfx/ofxsParams.o"
xcrun clang++ -Iinclude -Ibuild/openfx-sdk/OpenFX-1.4/include -Ibuild/openfx-sdk/Support/include -std=c++17 -O2 -Wall -Wextra -Wpedantic -fvisibility=hidden -arch arm64 -w -c "build/openfx-sdk/Support/Library/ofxsProperty.cpp" -o "build/obj/openfx/ofxsProperty.o"
xcrun clang++ -Iinclude -Ibuild/openfx-sdk/OpenFX-1.4/include -Ibuild/openfx-sdk/Support/include -std=c++17 -O2 -Wall -Wextra -Wpedantic -fvisibility=hidden -arch arm64 -w -c "build/openfx-sdk/Support/Library/ofxsPropertyValidation.cpp" -o "build/obj/openfx/ofxsPropertyValidation.o"
xcrun clang++ build/obj/CBEFFilmEffects.o build/obj/core/RenderCore.o build/obj/metal/MetalRenderBackend.o build/obj/metal/FrameArena.o build/obj/openfx/ofxsCore.o build/obj/openfx/ofxsImageEffect.o build/obj/openfx/ofxsInteract.o build/obj/openfx/ofxsLog.o build/obj/openfx/ofxsMultiThread.o build/obj/openfx/ofxsParams.o build/obj/openfx/ofxsProperty.o build/obj/openfx/ofxsPropertyValidation.o -o "build/CBEFFilmEffects.ofx.bundle/Contents/MacOS/CBEFFilmEffects.ofx" -bundle -arch arm64 -Wl,-dead_strip -framework Foundation -framework Metal
cp vendor/openfx/THIRD_PARTY_NOTICES.md "build/CBEFFilmEffects.ofx.bundle/Contents/Resources/THIRD_PARTY_NOTICES.md"
/usr/libexec/PlistBuddy -c 'Clear dict' "build/CBEFFilmEffects.ofx.bundle/Contents/Info.plist" 2>/dev/null || true
Initializing Plist...
"build/tests/inspector_metadata_contract"
xcrun clang++ -Iinclude -std=c++17 -O2 -Wall -Wextra -Wpedantic -fvisibility=hidden -arch arm64 -DCBEF_ENABLE_METAL_TEST -Isrc/core "tests/frame_arena_contract.mm" "build/obj/core/RenderCore.o" "build/obj/metal/MetalRenderBackend.o" "build/obj/metal/FrameArena.o" \
		-o "build/tests/frame_arena_contract" -framework Foundation -framework Metal
"build/tests/frame_arena_contract"
frame_arena_contract: PASS
REPORT: .omo/evidence/ticket-05-frame-arena.json
TRACE: .omo/evidence/ticket-05-frame-arena.jsonl
