xcrun clang++ -Iinclude -Ibuild/openfx-sdk/OpenFX-1.4/include -Ibuild/openfx-sdk/Support/include -std=c++17 -O2 -Wall -Wextra -Wpedantic -fvisibility=hidden -arch arm64 -c "src/ofx/CBEFFilmEffects.cpp" -o "build/obj/CBEFFilmEffects.o"
xcrun clang++ -Iinclude -std=c++17 -O2 -Wall -Wextra -Wpedantic -fvisibility=hidden -arch arm64 -Isrc/core -c "src/core/RenderCore.cpp" -o "build/obj/core/RenderCore.o"
xcrun clang++ -Iinclude -std=c++17 -O2 -Wall -Wextra -Wpedantic -fvisibility=hidden -arch arm64 -Isrc/core -c "src/metal/MetalRenderBackend.mm" -o "build/obj/metal/MetalRenderBackend.o"
xcrun clang++ -Iinclude -Ibuild/openfx-sdk/OpenFX-1.4/include -Ibuild/openfx-sdk/Support/include -std=c++17 -O2 -Wall -Wextra -Wpedantic -fvisibility=hidden -arch arm64 -w -c "build/openfx-sdk/Support/Library/ofxsCore.cpp" -o "build/obj/openfx/ofxsCore.o"
xcrun clang++ -Iinclude -Ibuild/openfx-sdk/OpenFX-1.4/include -Ibuild/openfx-sdk/Support/include -std=c++17 -O2 -Wall -Wextra -Wpedantic -fvisibility=hidden -arch arm64 -w -c "build/openfx-sdk/Support/Library/ofxsImageEffect.cpp" -o "build/obj/openfx/ofxsImageEffect.o"
xcrun clang++ -Iinclude -Ibuild/openfx-sdk/OpenFX-1.4/include -Ibuild/openfx-sdk/Support/include -std=c++17 -O2 -Wall -Wextra -Wpedantic -fvisibility=hidden -arch arm64 -w -c "build/openfx-sdk/Support/Library/ofxsInteract.cpp" -o "build/obj/openfx/ofxsInteract.o"
xcrun clang++ -Iinclude -Ibuild/openfx-sdk/OpenFX-1.4/include -Ibuild/openfx-sdk/Support/include -std=c++17 -O2 -Wall -Wextra -Wpedantic -fvisibility=hidden -arch arm64 -w -c "build/openfx-sdk/Support/Library/ofxsLog.cpp" -o "build/obj/openfx/ofxsLog.o"
xcrun clang++ -Iinclude -Ibuild/openfx-sdk/OpenFX-1.4/include -Ibuild/openfx-sdk/Support/include -std=c++17 -O2 -Wall -Wextra -Wpedantic -fvisibility=hidden -arch arm64 -w -c "build/openfx-sdk/Support/Library/ofxsMultiThread.cpp" -o "build/obj/openfx/ofxsMultiThread.o"
xcrun clang++ -Iinclude -Ibuild/openfx-sdk/OpenFX-1.4/include -Ibuild/openfx-sdk/Support/include -std=c++17 -O2 -Wall -Wextra -Wpedantic -fvisibility=hidden -arch arm64 -w -c "build/openfx-sdk/Support/Library/ofxsParams.cpp" -o "build/obj/openfx/ofxsParams.o"
xcrun clang++ -Iinclude -Ibuild/openfx-sdk/OpenFX-1.4/include -Ibuild/openfx-sdk/Support/include -std=c++17 -O2 -Wall -Wextra -Wpedantic -fvisibility=hidden -arch arm64 -w -c "build/openfx-sdk/Support/Library/ofxsProperty.cpp" -o "build/obj/openfx/ofxsProperty.o"
xcrun clang++ -Iinclude -Ibuild/openfx-sdk/OpenFX-1.4/include -Ibuild/openfx-sdk/Support/include -std=c++17 -O2 -Wall -Wextra -Wpedantic -fvisibility=hidden -arch arm64 -w -c "build/openfx-sdk/Support/Library/ofxsPropertyValidation.cpp" -o "build/obj/openfx/ofxsPropertyValidation.o"
xcrun -sdk macosx metal -c "src/metal/kernels/CBEFFilmEffects.metal" -o "build/obj/metal/CBEFFilmEffects.air"
src/metal/kernels/CBEFFilmEffects.metal:653:1: error: expected expression
kernel void cbef_mist_horizontal(const device float4* source [[buffer(0)]], device float4* destination [[buffer(1)]],
^
src/metal/kernels/CBEFFilmEffects.metal:1607:1: error: expected '}'
^
src/metal/kernels/CBEFFilmEffects.metal:630:75: note: to match this '{'
                              uint2 position [[thread_position_in_grid]]) {
                                                                          ^
2 errors generated.
make: *** [build/CBEFFilmEffects.ofx.bundle/Contents/Resources/CBEFFilmEffects.metallib] Error 1
