verification_started_utc=2026-08-11T18:19:46Z
$ make build
xcrun clang++ build/obj/CBEFFilmEffects.o build/obj/core/RenderCore.o build/obj/metal/MetalRenderBackend.o build/obj/openfx/ofxsCore.o build/obj/openfx/ofxsImageEffect.o build/obj/openfx/ofxsInteract.o build/obj/openfx/ofxsLog.o build/obj/openfx/ofxsMultiThread.o build/obj/openfx/ofxsParams.o build/obj/openfx/ofxsProperty.o build/obj/openfx/ofxsPropertyValidation.o -o "build/CBEFFilmEffects.ofx.bundle/Contents/MacOS/CBEFFilmEffects.ofx" -bundle -arch arm64 -Wl,-dead_strip -framework Foundation -framework Metal
cp vendor/openfx/THIRD_PARTY_NOTICES.md "build/CBEFFilmEffects.ofx.bundle/Contents/Resources/THIRD_PARTY_NOTICES.md"
/usr/libexec/PlistBuddy -c 'Clear dict' "build/CBEFFilmEffects.ofx.bundle/Contents/Info.plist" 2>/dev/null || true
Initializing Plist...
make_build_exit=0
$ make test-m1
xcrun clang++ -Iinclude -std=c++17 -O2 -Wall -Wextra -Wpedantic -fvisibility=hidden -arch arm64 -DCBEF_ENABLE_METAL_TEST -Isrc/core "tests/headless_render_contract.mm" "build/obj/core/RenderCore.o" "build/obj/metal/MetalRenderBackend.o" \
		-o "build/tests/headless_render_contract" -framework Foundation -framework Metal
"build/tests/headless_render_contract"
headless_render_contract: PASS (CPU + Metal M1 contract)
make_test_m1_exit=0
$ make test-m2
xcrun clang++ -Iinclude -std=c++17 -O2 -Wall -Wextra -Wpedantic -fvisibility=hidden -arch arm64 -DCBEF_ENABLE_METAL_TEST -Isrc/core "tests/halation_render_contract.mm" "build/obj/core/RenderCore.o" "build/obj/metal/MetalRenderBackend.o" \
		-o "build/tests/halation_render_contract" -framework Foundation -framework Metal
"build/tests/halation_render_contract"
halation_render_contract: PASS (CPU + Metal M2 Halation)
make_test_m2_exit=0
$ make test-m3
xcrun clang++ -Iinclude -std=c++17 -O2 -Wall -Wextra -Wpedantic -fvisibility=hidden -arch arm64 -DCBEF_ENABLE_METAL_TEST -Isrc/core "tests/film_grain_render_contract.mm" "build/obj/core/RenderCore.o" "build/obj/metal/MetalRenderBackend.o" \
		-o "build/tests/film_grain_render_contract" -framework Foundation -framework Metal
"build/tests/film_grain_render_contract"
film_grain_render_contract: PASS
make_test_m3_exit=0
4d9556ea9567839dbca4b5ac741ee85506e4f28b49a39adc2adcfe5442ba0274  build/CBEFFilmEffects.ofx.bundle/Contents/MacOS/CBEFFilmEffects.ofx
verification_result=PASS
