verification_started_utc=2026-08-11T18:17:44Z
xcrun clang++ -Iinclude -std=c++17 -O2 -Wall -Wextra -Wpedantic -fvisibility=hidden -arch arm64 -Isrc/core -c "src/core/RenderCore.cpp" -o "build/obj/core/RenderCore.o"
src/core/RenderCore.cpp:1180:69: warning: missing field 'mist' initializer [-Wmissing-field-initializers]
 1180 |                                   gain, is_identity, halation, grain};
      |                                                                     ^
src/core/RenderCore.cpp:48:32: warning: unused variable 'kMistRadiusFactors' [-Wunused-const-variable]
   48 | constexpr std::array<float, 4> kMistRadiusFactors = {0.80F, 0.95F, 1.10F, 1.25F};
      |                                ^~~~~~~~~~~~~~~~~~
src/core/RenderCore.cpp:49:32: warning: unused variable 'kMistEnergyFactors' [-Wunused-const-variable]
   49 | constexpr std::array<float, 4> kMistEnergyFactors = {0.25F, 0.50F, 0.75F, 1.00F};
      |                                ^~~~~~~~~~~~~~~~~~
3 warnings generated.
xcrun clang++ -Iinclude -std=c++17 -O2 -Wall -Wextra -Wpedantic -fvisibility=hidden -arch arm64 -Isrc/core -c "src/metal/MetalRenderBackend.mm" -o "build/obj/metal/MetalRenderBackend.o"
xcrun clang++ build/obj/CBEFFilmEffects.o build/obj/core/RenderCore.o build/obj/metal/MetalRenderBackend.o build/obj/openfx/ofxsCore.o build/obj/openfx/ofxsImageEffect.o build/obj/openfx/ofxsInteract.o build/obj/openfx/ofxsLog.o build/obj/openfx/ofxsMultiThread.o build/obj/openfx/ofxsParams.o build/obj/openfx/ofxsProperty.o build/obj/openfx/ofxsPropertyValidation.o -o "build/CBEFFilmEffects.ofx.bundle/Contents/MacOS/CBEFFilmEffects.ofx" -bundle -arch arm64 -Wl,-dead_strip -framework Foundation -framework Metal
cp vendor/openfx/THIRD_PARTY_NOTICES.md "build/CBEFFilmEffects.ofx.bundle/Contents/Resources/THIRD_PARTY_NOTICES.md"
/usr/libexec/PlistBuddy -c 'Clear dict' "build/CBEFFilmEffects.ofx.bundle/Contents/Info.plist" 2>/dev/null || true
Initializing Plist...
make_build_exit=0
xcrun clang++ -Iinclude -std=c++17 -O2 -Wall -Wextra -Wpedantic -fvisibility=hidden -arch arm64 -DCBEF_ENABLE_METAL_TEST -Isrc/core "tests/headless_render_contract.mm" "build/obj/core/RenderCore.o" "build/obj/metal/MetalRenderBackend.o" \
		-o "build/tests/headless_render_contract" -framework Foundation -framework Metal
"build/tests/headless_render_contract"
headless_render_contract: PASS (CPU + Metal M1 contract)
make_test_m1_exit=0
xcrun clang++ -Iinclude -std=c++17 -O2 -Wall -Wextra -Wpedantic -fvisibility=hidden -arch arm64 -DCBEF_ENABLE_METAL_TEST -Isrc/core "tests/halation_render_contract.mm" "build/obj/core/RenderCore.o" "build/obj/metal/MetalRenderBackend.o" \
		-o "build/tests/halation_render_contract" -framework Foundation -framework Metal
"build/tests/halation_render_contract"
halation_render_contract: PASS (CPU + Metal M2 Halation)
make_test_m2_exit=0
xcrun clang++ -Iinclude -std=c++17 -O2 -Wall -Wextra -Wpedantic -fvisibility=hidden -arch arm64 -DCBEF_ENABLE_METAL_TEST -Isrc/core "tests/film_grain_render_contract.mm" "build/obj/core/RenderCore.o" "build/obj/metal/MetalRenderBackend.o" \
		-o "build/tests/film_grain_render_contract" -framework Foundation -framework Metal
"build/tests/film_grain_render_contract"
film_grain_render_contract: PASS
make_test_m3_exit=0
verification_result=PASS
